---
source: tests/end_to_end.rs
expression: vil_output
---
extern venice_list_from_varargs;
extern venice_list_index;
extern venice_printint;



func venice_main {

venice_main_0:
  frame_set_up 8
  callee_save R8
  callee_save R9
  callee_save R10
  callee_save R11
  callee_save R12
  R6 = set 3
  R10 = move R6
  R6 = set 1
  R6 = negate R6
  R9 = move R6
  R6 = set 42
  R8 = move R6
  R6 = set 1
  R6 = negate R6
  R7 = move R6
  caller_save R6
  caller_save R7
  R0 = move R10
  R1 = move R9
  R2 = move R8
  R3 = move R7
  call_variadic %venice_list_from_varargs
  R7 = caller_restore
  R6 = caller_restore
  R10 = move R13
  store R10, -8  // numbers__0
  R6 = load -8  // numbers__0
  R8 = move R6
  R6 = set 1
  R7 = move R6
  caller_save R6
  caller_save R7
  R0 = move R8
  R1 = move R7
  call %venice_list_index
  R7 = caller_restore
  R6 = caller_restore
  R8 = move R13
  R9 = move R8
  caller_save R6
  caller_save R7
  R0 = move R9
  call %venice_printint
  R7 = caller_restore
  R6 = caller_restore
  R9 = move R13
  R6 = set 0
  R13 = move R6
  R12 = callee_restore
  R11 = callee_restore
  R10 = callee_restore
  R9 = callee_restore
  R8 = callee_restore
  frame_tear_down 8
  ret
}

