---
source: tests/end_to_end.rs
expression: x86_output
---
.globl venice_main
venice_main:

venice_main_0:
  pushq %rbp
  movq %rsp, %rbp
  subq $8, %rsp
  pushq %r12
  pushq %r13
  pushq %r14
  pushq %r15
  pushq %rbx
  movq $10, %r10
  movq %r10, -8(%rbp)
  jmp while_cond_1

while_cond_1:
  movq -8(%rbp), %r10
  movq $0, %r11
  cmpq %r11, %r10
  jg while_2
  jmp while_end_3

while_2:
  movq -8(%rbp), %r13
  movq %r13, %rdi
  pushq %r10
  pushq %r11
  call venice_printint
  popq %r11
  popq %r10
  movq %rax, %r12
  movq -8(%rbp), %r11
  movq $1, %r12
  movq %r11, %r10
  subq %r12, %r10
  movq %r10, -8(%rbp)
  jmp while_cond_1

while_end_3:
  movq $0, %r10
  movq %r10, %rax
  popq %rbx
  popq %r15
  popq %r14
  popq %r13
  popq %r12
  addq $8, %rsp
  popq %rbp
  retq


