---
source: tests/end_to_end.rs
expression: x86_output
---
extern venice_printint


section .text

two_plus_two__0:
  push r11
  push r12

two_plus_two__0_0:
  push rbp
  mov rbp, rsp
  sub rsp, 0
  mov r11, 2
  mov r12, 2
  mov r10, r12
  add r10, r11
  mov rax, r10
  add rsp, 0
  pop rbp
  pop r12
  pop r11
  ret

global main
main:
  push r11

main_1:
  push rbp
  mov rbp, rsp
  sub rsp, 8
  call two_plus_two__0
  mov r10, rax
  mov [rbp-8], r10
  mov r11, [rbp-8]
  mov rdi, r11
  call venice_printint
  mov r10, rax
  mov r10, 0
  mov rax, r10
  add rsp, 8
  pop rbp
  pop r11
  ret

section .data


