---
source: tests/end_to_end.rs
expression: vil_output
---
extern venice_list_from_varargs;
extern venice_list_index;
extern venice_printint;



func venice_main {

venice_main_0:
  callee_save R2
  callee_save R3
  callee_save R4
  callee_save R5
  callee_save R6
  R0 = set 3
  R4 = move R0
  R0 = set 1
  R0 = negate R0
  R3 = move R0
  R0 = set 42
  R2 = move R0
  R0 = set 1
  R0 = negate R0
  R1 = move R0
  caller_save R0
  caller_save R1
  call_variadic %venice_list_from_varargs, R4, R3, R2, R1
  R1 = caller_restore
  R0 = caller_restore
  R4 = move R13
  store R4, -8  // numbers__0
  R0 = load -8  // numbers__0
  R2 = move R0
  R0 = set 1
  R1 = move R0
  caller_save R0
  caller_save R1
  call %venice_list_index, R2, R1
  R1 = caller_restore
  R0 = caller_restore
  R2 = move R13
  R3 = move R2
  caller_save R0
  caller_save R1
  call %venice_printint, R3
  R1 = caller_restore
  R0 = caller_restore
  R3 = move R13
  R0 = set 0
  R13 = move R0
  jump %venice_main_return_1

venice_main_return_1:
  R6 = callee_restore
  R5 = callee_restore
  R4 = callee_restore
  R3 = callee_restore
  R2 = callee_restore
}

