---
source: tests/end_to_end.rs
expression: vil_output
---
extern venice_string_new;
extern venice_panic;



func venice_main {
  // stack_frame_size = 16

venice_main_0:
  R0 = set s_0
  store R0, -8
  call venice_string_new, mem[-8]
  R0 = move R13
  store R0, -16
  call venice_panic, mem[-16]
  R0 = move R13
  R0 = set 0
  R13 = move R0
  jump venice_main_return_1

venice_main_return_1:
}


data s_0 = "oops";

