---
source: tests/end_to_end.rs
expression: vil_output
---
extern venice_string_new;
extern venice_print;
extern venice_printint;



func venice_main {
  // stack_frame_size = 24

venice_main_0:
  R0 = set s_0
  store R0, -8
  R0 = call venice_string_new, mem[-8]
  store R0, -16
  R0 = call venice_print, mem[-16]
  R0 = set 6
  R1 = move R0
  R0 = set 7
  R1 = add R1, R0
  R2 = move R1
  R0 = set 88
  R1 = move R0
  R0 = set 80
  R1 = sub R1, R0
  R2 = add R2, R1
  R3 = move R2
  R0 = set 99
  R1 = move R0
  R0 = set 90
  R1 = sub R1, R0
  R2 = move R1
  R0 = set 11
  R1 = move R0
  R0 = set 14
  R1 = sub R1, R0
  R2 = add R2, R1
  R3 = add R3, R2
  R0 = set 20
  R1 = move R0
  R0 = set 19
  R1 = sub R1, R0
  R0 = set 2
  R1 = add R1, R0
  R2 = move R1
  R0 = set 40
  R1 = move R0
  R0 = set 36
  R1 = sub R1, R0
  R0 = set 5
  R1 = add R1, R0
  R0 = set 3
  R1 = add R0, R1
  R2 = add R2, R1
  R3 = add R2, R3
  store R3, -24
  R3 = call venice_printint, mem[-24]
  R0 = set 0
  R13 = move R0
  jump venice_main_return_1

venice_main_return_1:
}


data s_0 = "Should be 42: ";

