---
source: tests/end_to_end.rs
expression: x86_output
---
extern venice_println
extern venice_println


section .text

global main
main:
  push rbp
  push rbx
  push r12
  push r13
  push r14
  push r15
  mov rbp, rsp
  sub rsp, 0

main_0:
  mov rax, 1
  mov rbx, 0
  cmp rax, rbx
  je if_false_2
  jmp if_true_1

if_true_1:
  mov rdx, s_0
  push rax
  push rcx
  push rdx
  push rdi
  push rsi
  push r8
  push r9
  push r10
  push r11
  mov rdi, rdx
  call venice_println
  mov rcx, rax
  pop r11
  pop r10
  pop r9
  pop r8
  pop rsi
  pop rdi
  pop rdx
  pop rcx
  pop rax
  jmp if_end_3

if_false_2:
  mov rdi, s_1
  push rax
  push rcx
  push rdx
  push rdi
  push rsi
  push r8
  push r9
  push r10
  push r11
  mov rdi, rdi
  call venice_println
  mov rsi, rax
  pop r11
  pop r10
  pop r9
  pop r8
  pop rsi
  pop rdi
  pop rdx
  pop rcx
  pop rax
  jmp if_end_3

if_end_3:
  mov r8, 0
  mov rax, r8
  add rsp, 0
  pop r15
  pop r14
  pop r13
  pop r12
  pop rbx
  pop rbp
  ret

section .data

  s_0 db "pass", 0
  s_1 db "fail", 0

