---
source: tests/end_to_end.rs
expression: vil_output
---
extern venice_string_new;
extern venice_file_open;
extern venice_file_read_all;
extern venice_file_close;
extern venice_string_new;
extern venice_print;
extern venice_string_length;
extern venice_printint;



func venice_main {

venice_main_0:
  frame_set_up 16
  callee_save R2
  callee_save R3
  callee_save R4
  callee_save R5
  callee_save R6
  R0 = set s_0
  R1 = move R0
  caller_save R0
  caller_save R1
  call %venice_string_new, R1
  R1 = caller_restore
  R0 = caller_restore
  R1 = move R13
  R2 = move R1
  caller_save R0
  caller_save R1
  call %venice_file_open, R2
  R1 = caller_restore
  R0 = caller_restore
  R2 = move R13
  store R2, -8  // f__0
  R0 = load -8  // f__0
  R1 = move R0
  caller_save R0
  caller_save R1
  call %venice_file_read_all, R1
  R1 = caller_restore
  R0 = caller_restore
  R1 = move R13
  store R1, -16  // content__1
  R0 = load -8  // f__0
  R1 = move R0
  caller_save R0
  caller_save R1
  call %venice_file_close, R1
  R1 = caller_restore
  R0 = caller_restore
  R1 = move R13
  R0 = set s_1
  R1 = move R0
  caller_save R0
  caller_save R1
  call %venice_string_new, R1
  R1 = caller_restore
  R0 = caller_restore
  R1 = move R13
  R2 = move R1
  caller_save R0
  caller_save R1
  call %venice_print, R2
  R1 = caller_restore
  R0 = caller_restore
  R2 = move R13
  R0 = load -16  // content__1
  R1 = move R0
  caller_save R0
  caller_save R1
  call %venice_string_length, R1
  R1 = caller_restore
  R0 = caller_restore
  R1 = move R13
  R2 = move R1
  caller_save R0
  caller_save R1
  call %venice_printint, R2
  R1 = caller_restore
  R0 = caller_restore
  R2 = move R13
  R0 = set 0
  R13 = move R0
  jump %venice_main_return_1

venice_main_return_1:
  R6 = callee_restore
  R5 = callee_restore
  R4 = callee_restore
  R3 = callee_restore
  R2 = callee_restore
  frame_tear_down 16
  ret
}


data s_0 = "tests/resources/lorem.txt";
data s_1 = "File size: ";

