---
source: tests/end_to_end.rs
expression: vil_output
---
extern venice_printint;



// stack_frame_size = 16
// max_register_count = 3
func sub__2(x: i64, y: i64) -> i64 {

sub__2_0:
  %1 = load %x__0, 0
  %2 = load %y__1, 0
  %0 = sub %1, %2
  ret %0
}

// stack_frame_size = 8
// max_register_count = 3
func main() -> i64 {

main_1:
  %x__3 = alloca 8
  %1 = set 47
  %2 = set 5
  %0 = call %sub__2, %1, %2
  %x__3 = store %0, 0
  %1 = load %x__3, 0
  %0 = call %venice_printint, %1
  %0 = set 0
  ret %0
}

