---
source: tests/end_to_end.rs
expression: vil_output
---
extern venice_printint;
extern venice_printint;



func venice_main {

venice_main_0:
  callee_save %rg2
  callee_save %rg3
  callee_save %rg4
  callee_save %rg5
  callee_save %rg6
  frame_set_up 16
  %rg1 = set 21
  %rg2 = set 2
  %rg0 = mul %rg1, %rg2
  store %rg0, -8  // x__0
  %rg1 = load -8  // x__0
  %rp0 = move %rg1
  caller_save %rg0
  caller_save %rg1
  call %venice_printint
  %rg1 = caller_restore
  %rg0 = caller_restore
  %rg0 = move %rt
  %rg1 = set 84
  %rg2 = set 2
  %rg0 = div %rg1, %rg2
  store %rg0, -16  // y__1
  %rg1 = load -16  // y__1
  %rp0 = move %rg1
  caller_save %rg0
  caller_save %rg1
  call %venice_printint
  %rg1 = caller_restore
  %rg0 = caller_restore
  %rg0 = move %rt
  %rg0 = set 0
  %rt = move %rg0
  frame_tear_down 16
  %rg6 = callee_restore
  %rg5 = callee_restore
  %rg4 = callee_restore
  %rg3 = callee_restore
  %rg2 = callee_restore
  ret
}

