---
source: tests/end_to_end.rs
expression: vil_output
---
extern venice_string_new;
extern venice_println;



func venice_main {
  // stack_frame_size = 16

venice_main_0:
  R0 = set s_0
  store R0, -8
  R0 = call venice_string_new, mem[-8]
  store R0, -16
  R0 = call venice_println, mem[-16]
  R0 = set 0
  RRET = move R0
  jump venice_main_return_1

venice_main_return_1:
}


data s_0 = "Hello, world!";

