---
source: tests/end_to_end.rs
expression: x86_output
---
extern venice_println
extern venice_println


section .text

global main
main:

main_0:
  push r12
  push r13
  push r14
  push r15
  push rbx
  push rbp
  mov rbp, rsp
  sub rsp, 0
  mov r10, 1
  mov r11, 1
  cmp r10, r11
  je if_true_1
  jmp if_false_2

if_true_1:
  mov r13, s_0
  mov rdi, r13
  push r10
  push r11
  call venice_println
  pop r11
  pop r10
  mov r12, rax
  jmp if_end_3

if_false_2:
  mov r11, s_1
  mov rdi, r11
  push r10
  push r11
  call venice_println
  pop r11
  pop r10
  mov r10, rax
  jmp if_end_3

if_end_3:
  mov r10, 0
  mov rax, r10
  add rsp, 0
  pop rbp
  pop rbx
  pop r15
  pop r14
  pop r13
  pop r12
  ret

section .data

  s_0 db "pass", 0
  s_1 db "fail", 0

