---
source: tests/end_to_end.rs
expression: vil_output
---
extern venice_printint;


func main() -> i64 {

main_0:
  %i__0 = alloca 8
  %0 = set 10
  %i__0 = store %0, 0
  jump %while_cond_1

while_cond_1:
  %2 = load %i__0, 0
  %3 = set 0
  cmp %2, %3
  jump_gt %eq_4 %eq_5

eq_4:
  %1 = set 1
  jump %eq_end_6

eq_5:
  %1 = set 0
  jump %eq_end_6

eq_end_6:
  %2 = set 1
  cmp %1, %2
  jump_eq %while_2 %while_end_3

while_2:
  %4 = load %i__0, 0
  %3 = call %venice_printint, %4
  %6 = load %i__0, 0
  %7 = set 1
  %5 = sub %6, %7
  %i__0 = store %5, 0
  jump %while_cond_1

while_end_3:
  %6 = set 0
  ret %6
}

