---
source: tests/end_to_end.rs
expression: x86_output
---
increment__0:
  pushq %rbp
  movq %rsp, %rbp
  subq $8, %rsp
  pushq %r12
  pushq %r13
  pushq %r14
  pushq %r15
  pushq %rbx
  movq %rdi, -8(%rbp)

increment__0_0:
  movq -8(%rbp), %r10
  movq %r10, %r11
  movq $1, %r10
  addq %r10, %r11
  movq %r11, %r11
  movq %r11, %rax
  jmp increment__0_return_1

increment__0_return_1:
  popq %rbx
  popq %r15
  popq %r14
  popq %r13
  popq %r12
  addq $8, %rsp
  popq %rbp
  retq

.globl venice_main
venice_main:
  pushq %rbp
  movq %rsp, %rbp
  subq $0, %rsp
  pushq %r12
  pushq %r13
  pushq %r14
  pushq %r15
  pushq %rbx

venice_main_2:
  movq $38, %r10
  movq %r10, %r11
  pushq %r10
  pushq %r11
  movq %r11, %rdi
  subq $8, %rsp
  call increment__0
  addq $8, %rsp
  popq %r11
  popq %r10
  movq %rax, %r11
  movq %r11, %r12
  pushq %r10
  pushq %r11
  movq %r12, %rdi
  subq $8, %rsp
  call increment__0
  addq $8, %rsp
  popq %r11
  popq %r10
  movq %rax, %r12
  movq %r12, %r13
  pushq %r10
  pushq %r11
  movq %r13, %rdi
  subq $8, %rsp
  call increment__0
  addq $8, %rsp
  popq %r11
  popq %r10
  movq %rax, %r13
  movq %r13, %r14
  pushq %r10
  pushq %r11
  movq %r14, %rdi
  subq $8, %rsp
  call increment__0
  addq $8, %rsp
  popq %r11
  popq %r10
  movq %rax, %r14
  movq %r14, %r15
  pushq %r10
  pushq %r11
  movq %r15, %rdi
  subq $8, %rsp
  call venice_printint
  addq $8, %rsp
  popq %r11
  popq %r10
  movq %rax, %r15
  movq $0, %r10
  movq %r10, %rax
  jmp venice_main_return_3

venice_main_return_3:
  popq %rbx
  popq %r15
  popq %r14
  popq %r13
  popq %r12
  addq $0, %rsp
  popq %rbp
  retq


