---
source: tests/end_to_end.rs
expression: x86_output
---
sub__0:

sub__0_0:
  pushq %rbp
  movq %rsp, %rbp
  subq $16, %rsp
  pushq %r12
  pushq %r13
  pushq %r14
  pushq %r15
  pushq %rbx
  movq %rdi, -8(%rbp)
  movq %rsi, -16(%rbp)
  movq -8(%rbp), %r10
  movq %r10, %r11
  movq -16(%rbp), %r10
  subq %r10, %r11
  movq %r11, %r11
  movq %r11, %rax
  popq %rbx
  popq %r15
  popq %r14
  popq %r13
  popq %r12
  addq $16, %rsp
  popq %rbp
  retq

.globl venice_main
venice_main:

venice_main_1:
  pushq %rbp
  movq %rsp, %rbp
  subq $8, %rsp
  pushq %r12
  pushq %r13
  pushq %r14
  pushq %r15
  pushq %rbx
  movq $47, %r10
  movq %r10, %r12
  movq $5, %r10
  movq %r10, %r11
  pushq %r10
  pushq %r11
  movq %r12, %rdi
  movq %r11, %rsi
  call sub__0
  popq %r11
  popq %r10
  movq %rax, %r12
  movq %r12, -8(%rbp)
  movq -8(%rbp), %r10
  movq %r10, %r11
  pushq %r10
  pushq %r11
  movq %r11, %rdi
  call venice_printint
  popq %r11
  popq %r10
  movq %rax, %r11
  movq $0, %r10
  movq %r10, %rax
  popq %rbx
  popq %r15
  popq %r14
  popq %r13
  popq %r12
  addq $8, %rsp
  popq %rbp
  retq


