---
source: tests/end_to_end.rs
expression: x86_output
---
extern venice_println
extern venice_println


section .text

global main
main:
  push rbp
  mov rbp, rsp
  sub rsp, 0

main_0:
  mov rax, 1
  mov rbx, 0
  cmp rax, rbx
  je if_false_2
  jmp if_true_1

if_true_1:
  mov rdx, s_0
  mov rdi, rdx
  call venice_println
  mov rcx, rax
  jmp if_end_3

if_false_2:
  mov rbx, s_1
  mov rdi, rbx
  call venice_println
  mov rax, rax
  jmp if_end_3

if_end_3:
  mov rax, 0
  mov rax, rax
  add rsp, 0
  pop rbp
  ret

section .data

  s_0 db "pass", 0
  s_1 db "fail", 0

