---
source: tests/end_to_end.rs
expression: x86_output
---
extern venice_println


section .text

global main
main:
  push r11
  push rbp
  mov rbp, rsp
  sub rsp, 0

main_0:
  mov r11, s_0
  mov rdi, r11
  call venice_println
  mov r10, rax
  mov r10, 0
  mov rax, r10
  add rsp, 0
  pop rbp
  pop r11
  ret

section .data

  s_0 db "Hello, world!", 0

