---
source: tests/end_to_end.rs
expression: vil_output
---
extern venice_printint;



func fibonacci__1 {

fibonacci__1_0:
  callee_save %rg2
  callee_save %rg3
  callee_save %rg4
  callee_save %rg5
  callee_save %rg6
  frame_set_up 40
  store %rp0, -8  // n__0
  %rg0 = set 1
  store %rg0, -16  // fib_i__2
  %rg0 = set 0
  store %rg0, -24  // fib_i_minus_1__3
  %rg0 = set 1
  store %rg0, -32  // i__4
  jump %while_cond_1

while_cond_1:
  %rg0 = load -32  // i__4
  %rg1 = load -8  // n__0
  cmp %rg0, %rg1
  jump_lt %while_2 %while_end_3

while_2:
  %rg2 = load -16  // fib_i__2
  store %rg2, -40  // tmp__5
  %rg1 = load -16  // fib_i__2
  %rg2 = load -24  // fib_i_minus_1__3
  %rg0 = add %rg1, %rg2
  store %rg0, -16  // fib_i__2
  %rg0 = load -40  // tmp__5
  store %rg0, -24  // fib_i_minus_1__3
  %rg1 = load -32  // i__4
  %rg2 = set 1
  %rg0 = add %rg1, %rg2
  store %rg0, -32  // i__4
  jump %while_cond_1

while_end_3:
  %rg0 = load -16  // fib_i__2
  %rt = move %rg0
  frame_tear_down 40
  %rg6 = callee_restore
  %rg5 = callee_restore
  %rg4 = callee_restore
  %rg3 = callee_restore
  %rg2 = callee_restore
  ret
}

func main {

main_4:
  callee_save %rg2
  callee_save %rg3
  callee_save %rg4
  callee_save %rg5
  callee_save %rg6
  frame_set_up 8
  %rg1 = set 12
  %rp0 = move %rg1
  caller_save %rg0
  caller_save %rg1
  call %fibonacci__1
  %rg1 = caller_restore
  %rg0 = caller_restore
  %rg0 = move %rt
  store %rg0, -8  // x__6
  %rg1 = load -8  // x__6
  %rp0 = move %rg1
  caller_save %rg0
  caller_save %rg1
  call %venice_printint
  %rg1 = caller_restore
  %rg0 = caller_restore
  %rg0 = move %rt
  %rg0 = set 0
  %rt = move %rg0
  frame_tear_down 8
  %rg6 = callee_restore
  %rg5 = callee_restore
  %rg4 = callee_restore
  %rg3 = callee_restore
  %rg2 = callee_restore
  ret
}

