---
source: tests/end_to_end.rs
expression: vil_output
---
extern venice_printint;



// stack_frame_size = 8
// max_register_count = 4
func main -> i64 {

main_0:
  %i__0 = alloca 8
  %rg0 = set 10
  %i__0 = store %rg0, 0
  jump %while_cond_1

while_cond_1:
  %rg0 = load %i__0, 0
  %rg1 = set 0
  cmp %rg0, %rg1
  jump_gt %while_2 %while_end_3

while_2:
  %rg3 = load %i__0, 0
  %rp0 = move %rg3
  call %venice_printint
  %rg2 = move %rt
  %rg1 = load %i__0, 0
  %rg2 = set 1
  %rg0 = sub %rg1, %rg2
  %i__0 = store %rg0, 0
  jump %while_cond_1

while_end_3:
  %rg0 = set 0
  %rt = move %rg0
  ret
}

