---
source: tests/end_to_end.rs
expression: vil_output
---
extern venice_string_new;
extern venice_print;
extern venice_printint;



func add__0 {

add__0_0:
  R0 = load -8  // x__1
  R1 = move R0
  R0 = load -16  // y__2
  R1 = add R1, R0
  R13 = move R1
  jump %add__0_return_1

add__0_return_1:
}

func venice_main {

venice_main_2:
  R0 = set s_0
  R1 = move R0
  call %venice_string_new, R1
  R1 = move R13
  R2 = move R1
  call %venice_print, R2
  R2 = move R13
  R0 = set 20
  R4 = move R0
  R0 = set 5
  R2 = move R0
  R0 = set 17
  R1 = move R0
  call %add__0, R2, R1
  R2 = move R13
  R3 = move R2
  call %add__0, R4, R3
  R4 = move R13
  R5 = move R4
  call %venice_printint, R5
  R5 = move R13
  R0 = set 0
  R13 = move R0
  jump %venice_main_return_3

venice_main_return_3:
}


data s_0 = "Should be 42: ";

