---
source: tests/end_to_end.rs
expression: x86_output
---
.globl venice_main
venice_main:

venice_main_0:
  pushq %r12
  pushq %r13
  pushq %r14
  pushq %r15
  pushq %rbx
  pushq %rbp
  movq %rsp, %rbp
  subq $16, %rsp
  movq $.s_0, %r12
  movq %r12, %rdi
  pushq %r10
  pushq %r11
  call venice_string_new
  popq %r11
  popq %r10
  movq %rax, %r11
  movq %r11, %rdi
  pushq %r10
  pushq %r11
  call venice_file_open
  popq %r11
  popq %r10
  movq %rax, %r10
  movq %r10, -8(%rbp)
  movq -8(%rbp), %r11
  movq %r11, %rdi
  pushq %r10
  pushq %r11
  call venice_file_read_all
  popq %r11
  popq %r10
  movq %rax, %r10
  movq %r10, -16(%rbp)
  movq -8(%rbp), %r11
  movq %r11, %rdi
  pushq %r10
  pushq %r11
  call venice_file_close
  popq %r11
  popq %r10
  movq %rax, %r10
  movq $.s_1, %r12
  movq %r12, %rdi
  pushq %r10
  pushq %r11
  call venice_string_new
  popq %r11
  popq %r10
  movq %rax, %r11
  movq %r11, %rdi
  pushq %r10
  pushq %r11
  call venice_print
  popq %r11
  popq %r10
  movq %rax, %r10
  movq -16(%rbp), %r12
  movq %r12, %rdi
  pushq %r10
  pushq %r11
  call venice_string_length
  popq %r11
  popq %r10
  movq %rax, %r11
  movq %r11, %rdi
  pushq %r10
  pushq %r11
  call venice_printint
  popq %r11
  popq %r10
  movq %rax, %r10
  movq $0, %r10
  movq %r10, %rax
  addq $16, %rsp
  popq %rbp
  popq %rbx
  popq %r15
  popq %r14
  popq %r13
  popq %r12
  retq

.s_0:
  .string "tests/resources/lorem.txt"
.s_1:
  .string "File size: "

