---
source: tests/end_to_end.rs
expression: vil_output
---
extern venice_printint;



// stack_frame_size = 8
// max_register_count = 4
func main() -> i64 {

main_0:
  %i__0 = alloca 8
  %0 = set 10
  %i__0 = store %0, 0
  jump %while_cond_1

while_cond_1:
  %0 = load %i__0, 0
  %1 = set 0
  cmp %0, %1
  jump_gt %while_2 %while_end_3

while_2:
  %3 = load %i__0, 0
  %2 = call %venice_printint, %3
  %1 = load %i__0, 0
  %2 = set 1
  %0 = sub %1, %2
  %i__0 = store %0, 0
  jump %while_cond_1

while_end_3:
  %0 = set 0
  ret %0
}

