---
source: tests/end_to_end.rs
expression: vil_output
---
extern venice_printint;



func add__0 {
  // stack_frame_size = 16

add__0_0:
  R0 = load -8  // x__1
  R1 = move R0
  R0 = load -16  // y__2
  R1 = add R1, R0
  RRET = move R1
  jump add__0_return_1

add__0_return_1:
}

func venice_main {
  // stack_frame_size = 72

venice_main_2:
  R0 = set 35
  store R0, -8
  R0 = set 1
  store R0, -16
  R0 = call add__0, mem[-8], mem[-16]
  store R0, -24
  R0 = set 3
  store R0, -32
  R0 = call add__0, mem[-24], mem[-32]
  store R0, -40
  R0 = set 2
  store R0, -48
  R0 = call add__0, mem[-40], mem[-48]
  store R0, -56
  R0 = set 1
  store R0, -64
  R0 = call add__0, mem[-56], mem[-64]
  store R0, -72
  R0 = call venice_printint, mem[-72]
  R0 = set 0
  RRET = move R0
  jump venice_main_return_3

venice_main_return_3:
}

