---
source: tests/end_to_end.rs
expression: x86_output
---
.globl venice_main
venice_main:

venice_main_0:
  pushq %rbp
  movq %rsp, %rbp
  subq $0, %rsp
  pushq %r12
  pushq %r13
  pushq %r14
  pushq %r15
  pushq %rbx
  movq $.s_0, %r12
  movq %r12, %rdi
  pushq %r10
  pushq %r11
  call venice_string_new
  popq %r11
  popq %r10
  movq %rax, %r11
  movq %r11, %rdi
  pushq %r10
  pushq %r11
  call venice_println
  popq %r11
  popq %r10
  movq %rax, %r10
  movq $0, %r10
  movq %r10, %rax
  popq %rbx
  popq %r15
  popq %r14
  popq %r13
  popq %r12
  addq $0, %rsp
  popq %rbp
  retq

.s_0:
  .string "Hello, world!"

