---
source: tests/end_to_end.rs
expression: vil_output
---
extern venice_printint;



// stack_frame_size = 0
// max_register_count = 3
func two_plus_two__0 -> i64 {

two_plus_two__0_0:
  %rg1 = set 2
  %rg2 = set 2
  %rg0 = add %rg1, %rg2
  %rt = move %rg0
  ret
}

// stack_frame_size = 8
// max_register_count = 2
func main -> i64 {

main_1:
  %x__1 = alloca 8
  call %two_plus_two__0
  %rg0 = move %rt
  %x__1 = store %rg0, 0
  %rg1 = load %x__1, 0
  %rp0 = move %rg1
  call %venice_printint
  %rg0 = move %rt
  %rg0 = set 0
  %rt = move %rg0
  ret
}

