---
source: tests/end_to_end.rs
expression: vil_output
---
extern venice_printint;
extern venice_printint;



func venice_main {

venice_main_0:
  frame_set_up 16
  callee_save R2
  callee_save R3
  callee_save R4
  callee_save R5
  callee_save R6
  R0 = set 21
  R1 = move R0
  R0 = set 2
  R1 = mul R1, R0
  store R1, -8  // x__0
  R0 = load -8  // x__0
  R1 = move R0
  caller_save R0
  caller_save R1
  R7 = move R1
  call %venice_printint
  R1 = caller_restore
  R0 = caller_restore
  R1 = move R13
  R0 = set 84
  R1 = move R0
  R0 = set 2
  R1 = div R1, R0
  store R1, -16  // y__1
  R0 = load -16  // y__1
  R1 = move R0
  caller_save R0
  caller_save R1
  R7 = move R1
  call %venice_printint
  R1 = caller_restore
  R0 = caller_restore
  R1 = move R13
  R0 = set 0
  R13 = move R0
  R6 = callee_restore
  R5 = callee_restore
  R4 = callee_restore
  R3 = callee_restore
  R2 = callee_restore
  frame_tear_down 16
  ret
}

