---
source: tests/end_to_end.rs
expression: vil_output
---
extern venice_string_new;
extern venice_file_open;
extern venice_file_read_all;
extern venice_file_close;
extern venice_string_new;
extern venice_print;
extern venice_string_length;
extern venice_printint;



func venice_main {

venice_main_0:
  frame_set_up 16
  callee_save R8
  callee_save R9
  callee_save R10
  callee_save R11
  callee_save R12
  R6 = set s_0
  R7 = move R6
  caller_save R6
  caller_save R7
  R0 = move R7
  call %venice_string_new
  R7 = caller_restore
  R6 = caller_restore
  R7 = move R13
  R8 = move R7
  caller_save R6
  caller_save R7
  R0 = move R8
  call %venice_file_open
  R7 = caller_restore
  R6 = caller_restore
  R8 = move R13
  store R8, -8  // f__0
  R6 = load -8  // f__0
  R7 = move R6
  caller_save R6
  caller_save R7
  R0 = move R7
  call %venice_file_read_all
  R7 = caller_restore
  R6 = caller_restore
  R7 = move R13
  store R7, -16  // content__1
  R6 = load -8  // f__0
  R7 = move R6
  caller_save R6
  caller_save R7
  R0 = move R7
  call %venice_file_close
  R7 = caller_restore
  R6 = caller_restore
  R7 = move R13
  R6 = set s_1
  R7 = move R6
  caller_save R6
  caller_save R7
  R0 = move R7
  call %venice_string_new
  R7 = caller_restore
  R6 = caller_restore
  R7 = move R13
  R8 = move R7
  caller_save R6
  caller_save R7
  R0 = move R8
  call %venice_print
  R7 = caller_restore
  R6 = caller_restore
  R8 = move R13
  R6 = load -16  // content__1
  R7 = move R6
  caller_save R6
  caller_save R7
  R0 = move R7
  call %venice_string_length
  R7 = caller_restore
  R6 = caller_restore
  R7 = move R13
  R8 = move R7
  caller_save R6
  caller_save R7
  R0 = move R8
  call %venice_printint
  R7 = caller_restore
  R6 = caller_restore
  R8 = move R13
  R6 = set 0
  R13 = move R6
  R12 = callee_restore
  R11 = callee_restore
  R10 = callee_restore
  R9 = callee_restore
  R8 = callee_restore
  frame_tear_down 16
  ret
}


data s_0 = "tests/resources/lorem.txt";
data s_1 = "File size: ";

