---
source: tests/end_to_end.rs
expression: x86_output
---
.globl venice_main
venice_main:
  pushq %rbp
  movq %rsp, %rbp
  subq $16, %rsp

venice_main_0:
  pushq %r12
  pushq %r13
  pushq %r14
  pushq %r15
  pushq %rbx
  movq %rdi, -8(%rbp)
  movq $.s_0, %r10
  movq %r10, %r11
  pushq %r10
  pushq %r11
  movq %r11, %rdi
  subq $8, %rsp
  call venice_string_new
  addq $8, %rsp
  popq %r11
  popq %r10
  movq %rax, %r11
  movq %r11, %r12
  pushq %r10
  pushq %r11
  movq %r12, %rdi
  subq $8, %rsp
  call venice_print
  addq $8, %rsp
  popq %r11
  popq %r10
  movq %rax, %r12
  movq -8(%rbp), %r10
  movq %r10, %r11
  pushq %r10
  pushq %r11
  movq %r11, %rdi
  subq $8, %rsp
  call venice_list_length
  addq $8, %rsp
  popq %r11
  popq %r10
  movq %rax, %r11
  movq %r11, %r12
  pushq %r10
  pushq %r11
  movq %r12, %rdi
  subq $8, %rsp
  call venice_printint
  addq $8, %rsp
  popq %r11
  popq %r10
  movq %rax, %r12
  movq $0, %r10
  movq %r10, -16(%rbp)
  jmp while_cond_2

while_cond_2:
  movq -8(%rbp), %r10
  movq %r10, %r11
  pushq %r10
  pushq %r11
  movq %r11, %rdi
  subq $8, %rsp
  call venice_list_length
  addq $8, %rsp
  popq %r11
  popq %r10
  movq %rax, %r11
  movq -16(%rbp), %r10
  cmpq %r11, %r10
  jl while_3
  jmp while_end_4

while_3:
  movq $.s_1, %r10
  movq %r10, %r11
  pushq %r10
  pushq %r11
  movq %r11, %rdi
  subq $8, %rsp
  call venice_string_new
  addq $8, %rsp
  popq %r11
  popq %r10
  movq %rax, %r11
  movq %r11, %r12
  pushq %r10
  pushq %r11
  movq %r12, %rdi
  subq $8, %rsp
  call venice_print
  addq $8, %rsp
  popq %r11
  popq %r10
  movq %rax, %r12
  movq -8(%rbp), %r10
  movq %r10, %r12
  movq -16(%rbp), %r10
  movq %r10, %r11
  pushq %r10
  pushq %r11
  movq %r12, %rdi
  movq %r11, %rsi
  subq $8, %rsp
  call venice_list_index
  addq $8, %rsp
  popq %r11
  popq %r10
  movq %rax, %r12
  movq %r12, %r13
  pushq %r10
  pushq %r11
  movq %r13, %rdi
  subq $8, %rsp
  call venice_println
  addq $8, %rsp
  popq %r11
  popq %r10
  movq %rax, %r13
  movq -16(%rbp), %r10
  movq %r10, %r11
  movq $1, %r10
  addq %r10, %r11
  movq %r11, %r11
  movq %r11, -16(%rbp)
  jmp while_cond_2

while_end_4:
  movq $0, %r10
  movq %r10, %rax
  jmp venice_main_return_1

venice_main_return_1:
  popq %rbx
  popq %r15
  popq %r14
  popq %r13
  popq %r12
  addq $16, %rsp
  popq %rbp
  retq

.s_0:
  .string "# of args: "
.s_1:
  .string "Arg: "

