---
source: tests/end_to_end.rs
expression: x86_output
---
extern venice_printint


section .text

sub__2:
  push rbx
  push rcx
  push rbp
  mov rbp, rsp
  sub rsp, 16
  mov [rbp-8], rdi
  mov [rbp-16], rsi

sub__2_0:
  mov rbx, [rbp-8]
  mov rcx, [rbp-16]
  mov rax, rbx
  sub rax, rcx
  mov rax, rax
  add rsp, 16
  pop rbp
  pop rcx
  pop rbx
  ret

global main
main:
  push rbx
  push rcx
  push rbp
  mov rbp, rsp
  sub rsp, 8

main_1:
  mov rbx, 47
  mov rcx, 5
  mov rdi, rbx
  mov rsi, rcx
  call sub__2
  mov rax, rax
  mov [rbp-8], rax
  mov rbx, [rbp-8]
  mov rdi, rbx
  call venice_printint
  mov rax, rax
  mov rax, 0
  mov rax, rax
  add rsp, 8
  pop rbp
  pop rcx
  pop rbx
  ret

section .data


