---
source: tests/end_to_end.rs
expression: vil_output
---
extern venice_string_new;
extern venice_panic;



func venice_main {

venice_main_0:
  R0 = set s_0
  R1 = move R0
  caller_save R0
  caller_save R1
  call %venice_string_new, R1
  R1 = caller_restore
  R0 = caller_restore
  R1 = move R13
  R2 = move R1
  caller_save R0
  caller_save R1
  call %venice_panic, R2
  R1 = caller_restore
  R0 = caller_restore
  R2 = move R13
  R0 = set 0
  R13 = move R0
  jump %venice_main_return_1

venice_main_return_1:
}


data s_0 = "oops";

