---
source: tests/end_to_end.rs
expression: x86_output
---
extern venice_println


section .text

global main
main:
  push rbx
  push rbp
  mov rbp, rsp
  sub rsp, 0

main_0:
  mov rbx, s_0
  mov rdi, rbx
  call venice_println
  mov rax, rax
  mov rax, 0
  mov rax, rax
  add rsp, 0
  pop rbp
  pop rbx
  ret

section .data

  s_0 db "Hello, world!", 0

