---
source: tests/end_to_end.rs
expression: vil_output
---
extern venice_println;
extern venice_println;



// stack_frame_size = 0
// max_register_count = 4
func main() -> i64 {

main_0:
  %0 = set 1
  %1 = set 1
  cmp %0, %1
  jump_eq %if_true_1 %if_false_2

if_true_1:
  %3 = set s_0
  %2 = call %venice_println, %3
  jump %if_end_3

if_false_2:
  %1 = set s_1
  %0 = call %venice_println, %1
  jump %if_end_3

if_end_3:
  %0 = set 0
  ret %0
}


data s_0 = "pass";
data s_1 = "fail";

