---
source: tests/end_to_end.rs
expression: vil_output
---
extern venice_string_new;
extern venice_println;



func venice_main {

venice_main_0:
  frame_set_up 0
  callee_save R8
  callee_save R9
  callee_save R10
  callee_save R11
  callee_save R12
  R6 = set s_0
  R7 = move R6
  caller_save R6
  caller_save R7
  R0 = move R7
  call %venice_string_new
  R7 = caller_restore
  R6 = caller_restore
  R7 = move R13
  R8 = move R7
  caller_save R6
  caller_save R7
  R0 = move R8
  call %venice_println
  R7 = caller_restore
  R6 = caller_restore
  R8 = move R13
  R6 = set 0
  R13 = move R6
  R12 = callee_restore
  R11 = callee_restore
  R10 = callee_restore
  R9 = callee_restore
  R8 = callee_restore
  frame_tear_down 0
  ret
}


data s_0 = "Hello, world!";

