---
source: tests/end_to_end.rs
expression: vil_output
---
extern venice_println;
extern venice_println;



// stack_frame_size = 0
// max_register_count = 4
func main -> i64 {

main_0:
  %rg0 = set 1
  %rg1 = set 1
  cmp %rg0, %rg1
  jump_eq %if_true_1 %if_false_2

if_true_1:
  %rg3 = set s_0
  %rp0 = move %rg3
  call %venice_println
  %rg2 = move %rt
  jump %if_end_3

if_false_2:
  %rg1 = set s_1
  %rp0 = move %rg1
  call %venice_println
  %rg0 = move %rt
  jump %if_end_3

if_end_3:
  %rg0 = set 0
  %rt = move %rg0
  ret
}


data s_0 = "pass";
data s_1 = "fail";

