---
source: tests/end_to_end.rs
expression: vil_output
---
extern venice_string_new;
extern venice_file_open;
extern venice_file_read_all;
extern venice_file_close;
extern venice_string_new;
extern venice_print;
extern venice_string_length;
extern venice_printint;



func venice_main {
  // stack_frame_size = 80

venice_main_0:
  R0 = set s_0
  store R0, -8
  R0 = call venice_string_new, mem[-8]
  store R0, -16
  R0 = call venice_file_open, mem[-16]
  store R0, -24  // f__0
  R0 = load -24  // f__0
  store R0, -32
  R0 = call venice_file_read_all, mem[-32]
  store R0, -40  // content__1
  R0 = load -24  // f__0
  store R0, -48
  R0 = call venice_file_close, mem[-48]
  R0 = set s_1
  store R0, -56
  R0 = call venice_string_new, mem[-56]
  store R0, -64
  R0 = call venice_print, mem[-64]
  R0 = load -40  // content__1
  store R0, -72
  R0 = call venice_string_length, mem[-72]
  store R0, -80
  R0 = call venice_printint, mem[-80]
  R0 = set 0
  R13 = move R0
  jump venice_main_return_1

venice_main_return_1:
}


data s_0 = "tests/resources/lorem.txt";
data s_1 = "File size: ";

